// Jest Snapshot v1, https://goo.gl/fbAQLP

exports[`nyoba testing project-dasboard 1`] = `
<div>
  <div
    className="box-body"
  >
    <form
      className="contactform"
      name="contactform"
      onSubmit={[Function]}
    >
      <fieldset>
        <div
          className="form-group"
        >
          <label
            htmlFor="exampleInputName1"
          >
            Nama
          </label>
          <input
            Required={true}
            class="form-control"
            onChange={[Function]}
            placeholder="Name"
            size="30"
            type="text"
          />
        </div>
        <div
          className="form-group"
        >
          <label
            htmlFor="exampleInputHandphone1"
          >
            No. Handphone
          </label>
          <input
            class="form-control"
            onChange={[Function]}
            placeholder="Phone"
            refs="phone"
            size="12"
            type="telp"
          />
          <span
            class="help-block"
          />
        </div>
        <div
          className="form-group"
        >
          <label
            htmlFor="exampleInputEmail1"
          >
            Email
          </label>
          <input
            class="form-control"
            onChange={[Function]}
            placeholder="Email"
            refs="email"
            size="30"
            type="email"
          />
          <span
            class="help-block"
          />
        </div>
        <div
          className="form-group"
        >
          <label
            htmlFor="exampleInputPassword1"
          >
            Password
          </label>
          <input
            class="form-control"
            onChange={[Function]}
            placeholder="Password"
            refs="password"
            size="15"
            type="password"
          />
          <span
            class="help-block"
          />
        </div>
        <div
          class="form-group"
        >
          <label
            for="inputState"
          >
            User Role
          </label>
          <select
            class="form-control"
            id="inputState"
            onChange={[Function]}
          >
            <option
              selected={true}
            >
              Choose...
            </option>
            <option
              value="1"
            >
              Role 1
            </option>
            <option
              value="2"
            >
              Role 2
            </option>
            <option
              value="3"
            >
              Role 3
            </option>
          </select>
        </div>
      </fieldset>
      <div
        className="col-md-12"
      >
        <div
          className="modal-footer"
        >
          <button
            className="btn btn-default"
            data-dismiss="modal"
            type="button"
          >
            Batal
          </button>
          <button
            class="btn btn-primary"
            id="submit"
            type="submit"
          >
            Simpan
          </button>
        </div>
      </div>
    </form>
  </div>
</div>
`;
